
  Using orbital projections to approximate wavefunction overlap. This
   can result in inaccurate results. I hope you know what you are 
  doing.

  
         /$$$$$$  /$$      /$$  /$$$$$$  /$$$$$$$$ /$$$$$$$$
        /$$__  $$| $$$    /$$$ /$$__  $$| $$_____/|__  $$__/
       | $$  \ $$| $$$$  /$$$$| $$  \__/| $$         | $$
       | $$$$$$$$| $$ $$/$$ $$|  $$$$$$ | $$$$$      | $$
       | $$__  $$| $$  $$$| $$ \____  $$| $$__/      | $$
       | $$  | $$| $$\  $ | $$ /$$  \ $$| $$         | $$
       | $$  | $$| $$ \/  | $$|  $$$$$$/| $$$$$$$$   | $$
       |__/  |__/|__/     |__/ \______/ |________/   |__/
  
                                                    v0.5.1
  
      Ganose, A. M., Park, J., Faghaninia, A., Woods-Robinson,
      R., Persson, K. A., Jain, A. Efficient calculation of
      carrier scattering rates from first principles.
      Nat. Commun. 12, 2222 (2021)
  
  
  amset starting on 21 Jul 2026 at 12:35

  
  ~~~~~~~~~~~~~~~~~~~~~~~~~~~~~ SETTINGS ~~~~~~~~~~~~~~~~~~~~~~~~~~~~

  Run parameters:
    - scattering_type: ['IMP', 'ADP', 'POP']
    - doping: [1.00000000e+16 1.10069417e+16 1.21152766e+16 1.33352143e+16
 1.46779927e+16 1.61559810e+16 1.77827941e+16 1.95734178e+16
 2.15443469e+16 2.37137371e+16 2.61015722e+16 2.87298483e+16
 3.16227766e+16 3.48070059e+16 3.83118685e+16 4.21696503e+16
 4.64158883e+16 5.10896977e+16 5.62341325e+16 6.18965819e+16
 6.81292069e+16 7.49894209e+16 8.25404185e+16 9.08517576e+16
 1.00000000e+17 1.10069417e+17 1.21152766e+17 1.33352143e+17
 1.46779927e+17 1.61559810e+17 1.77827941e+17 1.95734178e+17
 2.15443469e+17 2.37137371e+17 2.61015722e+17 2.87298483e+17
 3.16227766e+17 3.48070059e+17 3.83118685e+17 4.21696503e+17
 4.64158883e+17 5.10896977e+17 5.62341325e+17 6.18965819e+17
 6.81292069e+17 7.49894209e+17 8.25404185e+17 9.08517576e+17
 1.00000000e+18 1.10069417e+18 1.21152766e+18 1.33352143e+18
 1.46779927e+18 1.61559810e+18 1.77827941e+18 1.95734178e+18
 2.15443469e+18 2.37137371e+18 2.61015722e+18 2.87298483e+18
 3.16227766e+18 3.48070059e+18 3.83118685e+18 4.21696503e+18
 4.64158883e+18 5.10896977e+18 5.62341325e+18 6.18965819e+18
 6.81292069e+18 7.49894209e+18 8.25404185e+18 9.08517576e+18
 1.00000000e+19 1.10069417e+19 1.21152766e+19 1.33352143e+19
 1.46779927e+19 1.61559810e+19 1.77827941e+19 1.95734178e+19
 2.15443469e+19 2.37137371e+19 2.61015722e+19 2.87298483e+19
 3.16227766e+19 3.48070059e+19 3.83118685e+19 4.21696503e+19
 4.64158883e+19 5.10896977e+19 5.62341325e+19 6.18965819e+19
 6.81292069e+19 7.49894209e+19 8.25404185e+19 9.08517576e+19
 1.00000000e+20 1.10069417e+20 1.21152766e+20 1.33352143e+20
 1.46779927e+20 1.61559810e+20 1.77827941e+20 1.95734178e+20
 2.15443469e+20 2.37137371e+20 2.61015722e+20 2.87298483e+20
 3.16227766e+20 3.48070059e+20 3.83118685e+20 4.21696503e+20
 4.64158883e+20 5.10896977e+20 5.62341325e+20 6.18965819e+20
 6.81292069e+20 7.49894209e+20 8.25404185e+20 9.08517576e+20
 1.00000000e+21]
    - temperatures: [400]
    - bandgap: 0.3
    - soc: False
    - zero_weighted_kpoints: prefer
    - interpolation_factor: 50
    - wavefunction_coefficients: wavefunction.h5
    - use_projections: True
    - unity_overlap: False
    - free_carrier_screening: False
    - high_frequency_dielectric: 
        [[ 52.29   0.00   0.00]
         [  0.00  52.29   0.00]
         [  0.00  -0.00  56.28]]
    - static_dielectric: 
        [[ 68.75   0.00   0.00]
         [  0.00  68.75   0.00]
         [  0.00   0.00  70.35]]
    - elastic_constant: 
        [[  28.6    6.8   19.6   -0.0   10.4   -0.0]
         [   6.8   28.5   19.6   -0.0  -10.4   -0.0]
         [  19.6   19.6   63.2   -0.0    0.0   -0.0]
         [  -0.0   -0.0   -0.0   10.9   -0.0   10.4]
         [  10.4  -10.4    0.0   -0.0   29.2   -0.0]
         [  -0.0   -0.0   -0.0   10.4   -0.0   29.3]]
    - deformation_potential: deformation.h5
    - defect_charge: 1
    - compensation_factor: 2
    - pop_frequency: 3.5
    - energy_cutoff: 1.5
    - fd_tol: 0.05
    - dos_estep: 0.01
    - symprec: 0.01
    - nworkers: 6
    - cache_wavefunction: True
    - calculate_mobility: True
    - separate_mobility: True
    - mobility_rates_only: False
    - file_format: json
    - write_input: False
    - write_mesh: False
    - print_log: True
    - write_log: True

  
  ~~~~~~~~~~~~~~~~~~~~~~~~~~~~ STRUCTURE ~~~~~~~~~~~~~~~~~~~~~~~~~~~~

  Structure information:
    - formula: Te
    - # sites: 3
    - space group: P3_121-

  Lattice:
    - a, b, c [angstrom]: 4.51, 4.51, 5.96
    - a, b, y [deg]: 90, 90, 120

  
  ~~~~~~~~~~~~~~~~~~~~~~~~~~ BAND STRUCTURE ~~~~~~~~~~~~~~~~~~~~~~~~~

  Input band structure information:
    - # bands: 32
    - # k-points: 65
    - Fermi level: 5.504 eV
    - spin polarized: False
    - metallic: False

  Band gap:
    - indirect band gap: 0.904 eV
    - direct band gap: 0.936 eV
    - direct k-point: [0.38, 0.25, 0.50]

  Valence band maximum:
    - energy: 5.257 eV
    - k-point: [0.38, 0.25, 0.50]
    - band indices: 9

  Conduction band minimum:
    - energy: 6.161 eV
    - k-point: [0.00, 0.00, 0.50]
    - band indices: 10

  
  ~~~~~~~~~~~~~~~~~~~~~~~~~~ INTERPOLATION ~~~~~~~~~~~~~~~~~~~~~~~~~~

  Getting band interpolation coefficients
    - time: 0.1655 s

  Interpolation parameters:
    - k-point mesh: 51x51x33
    - energy cutoff: 1.5 eV

  Interpolating spin-up bands 7-12
    - time: 0.2450 s

  bandgap set to 0.300 eV, applying scissor of -0.324 eV

  Generating tetrahedron mesh vertices
    - time: 0.3430 s

  Initializing tetrahedron band structure
    - time: 1.7143 s

  Initializing momentum relaxation time factor calculator

  Desymmetrizing k-point mesh
    - Found initial mesh: 8.000 x 8.000 x 8.000
    - Integer mesh: 8 x 8 x 8
    - Using 12 symmetry operations

  Initializing orbital overlap calculator

  
  ~~~~~~~~~~~~~~~~~~~~~~~~~~~~~~~ DOS ~~~~~~~~~~~~~~~~~~~~~~~~~~~~~~~

  DOS parameters:
    - emin: 1.70 eV
    - emax: 9.20 eV
    - dos weight: 2
    - n points: 750

  Generating tetrahedral DOS:
    - time: 16.5363 s

  Intrinsic DOS Fermi level: 5.7046 eV

  DOS contains 6.000 electrons

  Calculated Fermi levels:

    conc [cm-3]    temp [K]    E_fermi [eV]
  -------------  ----------  --------------
       1.00e+16       400.0          5.7070
       1.10e+16       400.0          5.7069
       1.21e+16       400.0          5.7068
       1.33e+16       400.0          5.7066
       1.47e+16       400.0          5.7064
       1.62e+16       400.0          5.7062
       1.78e+16       400.0          5.7060
       1.96e+16       400.0          5.7058
       2.15e+16       400.0          5.7055
       2.37e+16       400.0          5.7052
       2.61e+16       400.0          5.7049
       2.87e+16       400.0          5.7045
       3.16e+16       400.0          5.7041
       3.48e+16       400.0          5.7037
       3.83e+16       400.0          5.7032
       4.22e+16       400.0          5.7027
       4.64e+16       400.0          5.7022
       5.11e+16       400.0          5.7015
       5.62e+16       400.0          5.7009
       6.19e+16       400.0          5.7001
       6.81e+16       400.0          5.6993
       7.50e+16       400.0          5.6984
       8.25e+16       400.0          5.6974
       9.09e+16       400.0          5.6964
       1.00e+17       400.0          5.6952
       1.10e+17       400.0          5.6939
       1.21e+17       400.0          5.6926
       1.33e+17       400.0          5.6911
       1.47e+17       400.0          5.6895
       1.62e+17       400.0          5.6878
       1.78e+17       400.0          5.6860
       1.96e+17       400.0          5.6840
       2.15e+17       400.0          5.6819
       2.37e+17       400.0          5.6797
       2.61e+17       400.0          5.6774
       2.87e+17       400.0          5.6749
       3.16e+17       400.0          5.6724
       3.48e+17       400.0          5.6698
       3.83e+17       400.0          5.6670
       4.22e+17       400.0          5.6642
       4.64e+17       400.0          5.6613
       5.11e+17       400.0          5.6583
       5.62e+17       400.0          5.6553
       6.19e+17       400.0          5.6522
       6.81e+17       400.0          5.6491
       7.50e+17       400.0          5.6459
       8.25e+17       400.0          5.6427
       9.09e+17       400.0          5.6394
       1.00e+18       400.0          5.6361
       1.10e+18       400.0          5.6328
       1.21e+18       400.0          5.6295
       1.33e+18       400.0          5.6261
       1.47e+18       400.0          5.6228
       1.62e+18       400.0          5.6194
       1.78e+18       400.0          5.6159
       1.96e+18       400.0          5.6125
       2.15e+18       400.0          5.6090
       2.37e+18       400.0          5.6055
       2.61e+18       400.0          5.6020
       2.87e+18       400.0          5.5985
       3.16e+18       400.0          5.5949
       3.48e+18       400.0          5.5913
       3.83e+18       400.0          5.5877
       4.22e+18       400.0          5.5840
       4.64e+18       400.0          5.5803
       5.11e+18       400.0          5.5766
       5.62e+18       400.0          5.5728
       6.19e+18       400.0          5.5689
       6.81e+18       400.0          5.5651
       7.50e+18       400.0          5.5611
       8.25e+18       400.0          5.5571
       9.09e+18       400.0          5.5530
       1.00e+19       400.0          5.5489
       1.10e+19       400.0          5.5447
       1.21e+19       400.0          5.5404
       1.33e+19       400.0          5.5360
       1.47e+19       400.0          5.5314
       1.62e+19       400.0          5.5268
       1.78e+19       400.0          5.5221
       1.96e+19       400.0          5.5172
       2.15e+19       400.0          5.5122
       2.37e+19       400.0          5.5071
       2.61e+19       400.0          5.5017
       2.87e+19       400.0          5.4962
       3.16e+19       400.0          5.4906
       3.48e+19       400.0          5.4847
       3.83e+19       400.0          5.4786
       4.22e+19       400.0          5.4723
       4.64e+19       400.0          5.4658
       5.11e+19       400.0          5.4590
       5.62e+19       400.0          5.4519
       6.19e+19       400.0          5.4446
       6.81e+19       400.0          5.4370
       7.50e+19       400.0          5.4291
       8.25e+19       400.0          5.4209
       9.09e+19       400.0          5.4124
       1.00e+20       400.0          5.4036
       1.10e+20       400.0          5.3945
       1.21e+20       400.0          5.3852
       1.33e+20       400.0          5.3756
       1.47e+20       400.0          5.3657
       1.62e+20       400.0          5.3556
       1.78e+20       400.0          5.3453
       1.96e+20       400.0          5.3349
       2.15e+20       400.0          5.3244
       2.37e+20       400.0          5.3138
       2.61e+20       400.0          5.3032
       2.87e+20       400.0          5.2927
       3.16e+20       400.0          5.2822
       3.48e+20       400.0          5.2719
       3.83e+20       400.0          5.2616
       4.22e+20       400.0          5.2515
       4.64e+20       400.0          5.2415
       5.11e+20       400.0          5.2315
       5.62e+20       400.0          5.2215
       6.19e+20       400.0          5.2115
       6.81e+20       400.0          5.2013
       7.50e+20       400.0          5.1910
       8.25e+20       400.0          5.1803
       9.09e+20       400.0          5.1693
       1.00e+21       400.0          5.1577

  Calculated Fermi-Dirac cut-offs:
    - min: 4.850 eV
    - max: 6.181 eV

  
  ~~~~~~~~~~~~~~~~~~~~~~~~~~~~ SCATTERING ~~~~~~~~~~~~~~~~~~~~~~~~~~~

  Scattering mechanisms to be calculated: IMP, ADP, POP

  Inverse screening length (b) and impurity concentration (N_i):

    conc [cm-3]    temp [K]    b2 [a^-2]    N_i [cm-3]
  -------------  ----------  -----------  ------------
       1.00e+16       400.0     5.42e-06      2.00e+16
       1.10e+16       400.0     5.42e-06      2.20e+16
       1.21e+16       400.0     5.42e-06      2.42e+16
       1.33e+16       400.0     5.42e-06      2.67e+16
       1.47e+16       400.0     5.42e-06      2.94e+16
       1.62e+16       400.0     5.42e-06      3.23e+16
       1.78e+16       400.0     5.43e-06      3.56e+16
       1.96e+16       400.0     5.43e-06      3.91e+16
       2.15e+16       400.0     5.43e-06      4.31e+16
       2.37e+16       400.0     5.44e-06      4.74e+16
       2.61e+16       400.0     5.44e-06      5.22e+16
       2.87e+16       400.0     5.45e-06      5.75e+16
       3.16e+16       400.0     5.45e-06      6.32e+16
       3.48e+16       400.0     5.46e-06      6.96e+16
       3.83e+16       400.0     5.47e-06      7.66e+16
       4.22e+16       400.0     5.48e-06      8.43e+16
       4.64e+16       400.0     5.50e-06      9.28e+16
       5.11e+16       400.0     5.52e-06      1.02e+17
       5.62e+16       400.0     5.54e-06      1.12e+17
       6.19e+16       400.0     5.57e-06      1.24e+17
       6.81e+16       400.0     5.60e-06      1.36e+17
       7.50e+16       400.0     5.64e-06      1.50e+17
       8.25e+16       400.0     5.68e-06      1.65e+17
       9.09e+16       400.0     5.74e-06      1.82e+17
       1.00e+17       400.0     5.81e-06      2.00e+17
       1.10e+17       400.0     5.89e-06      2.20e+17
       1.21e+17       400.0     5.98e-06      2.42e+17
       1.33e+17       400.0     6.09e-06      2.67e+17
       1.47e+17       400.0     6.23e-06      2.94e+17
       1.62e+17       400.0     6.39e-06      3.23e+17
       1.78e+17       400.0     6.57e-06      3.56e+17
       1.96e+17       400.0     6.79e-06      3.91e+17
       2.15e+17       400.0     7.05e-06      4.31e+17
       2.37e+17       400.0     7.35e-06      4.74e+17
       2.61e+17       400.0     7.69e-06      5.22e+17
       2.87e+17       400.0     8.09e-06      5.75e+17
       3.16e+17       400.0     8.55e-06      6.32e+17
       3.48e+17       400.0     9.07e-06      6.96e+17
       3.83e+17       400.0     9.66e-06      7.66e+17
       4.22e+17       400.0     1.03e-05      8.43e+17
       4.64e+17       400.0     1.11e-05      9.28e+17
       5.11e+17       400.0     1.19e-05      1.02e+18
       5.62e+17       400.0     1.29e-05      1.12e+18
       6.19e+17       400.0     1.40e-05      1.24e+18
       6.81e+17       400.0     1.51e-05      1.36e+18
       7.50e+17       400.0     1.65e-05      1.50e+18
       8.25e+17       400.0     1.79e-05      1.65e+18
       9.09e+17       400.0     1.95e-05      1.82e+18
       1.00e+18       400.0     2.13e-05      2.00e+18
       1.10e+18       400.0     2.33e-05      2.20e+18
       1.21e+18       400.0     2.54e-05      2.42e+18
       1.33e+18       400.0     2.78e-05      2.67e+18
       1.47e+18       400.0     3.04e-05      2.94e+18
       1.62e+18       400.0     3.32e-05      3.23e+18
       1.78e+18       400.0     3.63e-05      3.56e+18
       1.96e+18       400.0     3.97e-05      3.91e+18
       2.15e+18       400.0     4.34e-05      4.31e+18
       2.37e+18       400.0     4.75e-05      4.74e+18
       2.61e+18       400.0     5.19e-05      5.22e+18
       2.87e+18       400.0     5.67e-05      5.75e+18
       3.16e+18       400.0     6.19e-05      6.32e+18
       3.48e+18       400.0     6.76e-05      6.96e+18
       3.83e+18       400.0     7.37e-05      7.66e+18
       4.22e+18       400.0     8.03e-05      8.43e+18
       4.64e+18       400.0     8.75e-05      9.28e+18
       5.11e+18       400.0     9.53e-05      1.02e+19
       5.62e+18       400.0     1.04e-04      1.12e+19
       6.19e+18       400.0     1.13e-04      1.24e+19
       6.81e+18       400.0     1.22e-04      1.36e+19
       7.50e+18       400.0     1.32e-04      1.50e+19
       8.25e+18       400.0     1.43e-04      1.65e+19
       9.09e+18       400.0     1.55e-04      1.82e+19
       1.00e+19       400.0     1.68e-04      2.00e+19
       1.10e+19       400.0     1.81e-04      2.20e+19
       1.21e+19       400.0     1.95e-04      2.42e+19
       1.33e+19       400.0     2.10e-04      2.67e+19
       1.47e+19       400.0     2.26e-04      2.94e+19
       1.62e+19       400.0     2.42e-04      3.23e+19
       1.78e+19       400.0     2.60e-04      3.56e+19
       1.96e+19       400.0     2.78e-04      3.91e+19
       2.15e+19       400.0     2.98e-04      4.31e+19
       2.37e+19       400.0     3.18e-04      4.74e+19
       2.61e+19       400.0     3.39e-04      5.22e+19
       2.87e+19       400.0     3.61e-04      5.75e+19
       3.16e+19       400.0     3.84e-04      6.32e+19
       3.48e+19       400.0     4.08e-04      6.96e+19
       3.83e+19       400.0     4.34e-04      7.66e+19
       4.22e+19       400.0     4.61e-04      8.43e+19
       4.64e+19       400.0     4.88e-04      9.28e+19
       5.11e+19       400.0     5.18e-04      1.02e+20
       5.62e+19       400.0     5.49e-04      1.12e+20
       6.19e+19       400.0     5.82e-04      1.24e+20
       6.81e+19       400.0     6.17e-04      1.36e+20
       7.50e+19       400.0     6.54e-04      1.50e+20
       8.25e+19       400.0     6.95e-04      1.65e+20
       9.09e+19       400.0     7.38e-04      1.82e+20
       1.00e+20       400.0     7.86e-04      2.00e+20
       1.10e+20       400.0     8.38e-04      2.20e+20
       1.21e+20       400.0     8.95e-04      2.42e+20
       1.33e+20       400.0     9.59e-04      2.67e+20
       1.47e+20       400.0     1.03e-03      2.94e+20
       1.62e+20       400.0     1.11e-03      3.23e+20
       1.78e+20       400.0     1.20e-03      3.56e+20
       1.96e+20       400.0     1.31e-03      3.91e+20
       2.15e+20       400.0     1.43e-03      4.31e+20
       2.37e+20       400.0     1.57e-03      4.74e+20
       2.61e+20       400.0     1.73e-03      5.22e+20
       2.87e+20       400.0     1.92e-03      5.75e+20
       3.16e+20       400.0     2.13e-03      6.32e+20
       3.48e+20       400.0     2.37e-03      6.96e+20
       3.83e+20       400.0     2.64e-03      7.66e+20
       4.22e+20       400.0     2.94e-03      8.43e+20
       4.64e+20       400.0     3.26e-03      9.28e+20
       5.11e+20       400.0     3.60e-03      1.02e+21
       5.62e+20       400.0     3.95e-03      1.12e+21
       6.19e+20       400.0     4.31e-03      1.24e+21
       6.81e+20       400.0     4.67e-03      1.36e+21
       7.50e+20       400.0     5.02e-03      1.50e+21
       8.25e+20       400.0     5.35e-03      1.65e+21
       9.09e+20       400.0     5.65e-03      1.82e+21
       1.00e+21       400.0     5.93e-03      2.00e+21

  Initializing deformation potential interpolator

  Initializing POP scattering
    - average N_po: 1.9162
    - w_po: 21.99 2pi THz
    - hbar.omega: 0.0145 eV

  Caching wavefunction not supported with orbital projection 
  overlaps. Setting cache_wavefunction to False.

  Forking 6 processes to calculate scattering
    - time: 0.9833 s

  Scattering information:
    - # ir k-points: 42917

  Calculating rates for spin-up band 1
    - # k-points within Fermi-Dirac cut-offs: 0
    - time: 0.5957 s

  Calculating rates for spin-up band 2
    - # k-points within Fermi-Dirac cut-offs: 916
    - time: 136.4574 s

  Calculating rates for spin-up band 3
    - # k-points within Fermi-Dirac cut-offs: 21960
    - time: 2448.4383 s

  Calculating rates for spin-up band 4
    - # k-points within Fermi-Dirac cut-offs: 9310
    - time: 848.0449 s

  Calculating rates for spin-up band 5
    - # k-points within Fermi-Dirac cut-offs: 1174
    - time: 121.7177 s

  Calculating rates for spin-up band 6
    - # k-points within Fermi-Dirac cut-offs: 104
    - time: 10.5327 s

  Interpolating missing scattering rates
    - time: 2.1815 s

  Filling scattering rates [s⁻¹] outside FD cutoffs with:

    conc [cm-3]    temp [K]       IMP       ADP       POP
  -------------  ----------  --------  --------  --------
       1.00e+16       400.0  6.02e+09  3.24e+13  7.00e+12
       1.10e+16       400.0  6.62e+09  3.24e+13  7.00e+12
       1.21e+16       400.0  7.29e+09  3.24e+13  7.00e+12
       1.33e+16       400.0  8.02e+09  3.24e+13  7.00e+12
       1.47e+16       400.0  8.83e+09  3.24e+13  7.00e+12
       1.62e+16       400.0  9.72e+09  3.24e+13  7.00e+12
       1.78e+16       400.0  1.07e+10  3.24e+13  7.00e+12
       1.96e+16       400.0  1.18e+10  3.24e+13  7.00e+12
       2.15e+16       400.0  1.29e+10  3.24e+13  7.00e+12
       2.37e+16       400.0  1.42e+10  3.24e+13  7.00e+12
       2.61e+16       400.0  1.57e+10  3.24e+13  7.00e+12
       2.87e+16       400.0  1.72e+10  3.24e+13  7.00e+12
       3.16e+16       400.0  1.90e+10  3.24e+13  7.00e+12
       3.48e+16       400.0  2.09e+10  3.24e+13  7.00e+12
       3.83e+16       400.0  2.29e+10  3.24e+13  7.00e+12
       4.22e+16       400.0  2.52e+10  3.24e+13  7.00e+12
       4.64e+16       400.0  2.77e+10  3.24e+13  7.00e+12
       5.11e+16       400.0  3.05e+10  3.24e+13  7.00e+12
       5.62e+16       400.0  3.35e+10  3.24e+13  7.00e+12
       6.19e+16       400.0  3.67e+10  3.24e+13  7.00e+12
       6.81e+16       400.0  4.03e+10  3.24e+13  7.00e+12
       7.50e+16       400.0  4.42e+10  3.24e+13  7.00e+12
       8.25e+16       400.0  4.85e+10  3.24e+13  7.00e+12
       9.09e+16       400.0  5.31e+10  3.24e+13  7.00e+12
       1.00e+17       400.0  5.81e+10  3.24e+13  7.00e+12
       1.10e+17       400.0  6.36e+10  3.24e+13  7.00e+12
       1.21e+17       400.0  6.94e+10  3.24e+13  7.00e+12
       1.33e+17       400.0  7.57e+10  3.24e+13  7.00e+12
       1.47e+17       400.0  8.24e+10  3.24e+13  7.00e+12
       1.62e+17       400.0  8.96e+10  3.24e+13  7.00e+12
       1.78e+17       400.0  9.72e+10  3.24e+13  7.00e+12
       1.96e+17       400.0  1.05e+11  3.24e+13  7.00e+12
       2.15e+17       400.0  1.14e+11  3.24e+13  7.00e+12
       2.37e+17       400.0  1.23e+11  3.24e+13  7.00e+12
       2.61e+17       400.0  1.32e+11  3.24e+13  7.00e+12
       2.87e+17       400.0  1.42e+11  3.24e+13  7.00e+12
       3.16e+17       400.0  1.52e+11  3.24e+13  7.00e+12
       3.48e+17       400.0  1.62e+11  3.24e+13  7.00e+12
       3.83e+17       400.0  1.73e+11  3.24e+13  7.00e+12
       4.22e+17       400.0  1.84e+11  3.24e+13  7.00e+12
       4.64e+17       400.0  1.96e+11  3.24e+13  7.00e+12
       5.11e+17       400.0  2.08e+11  3.24e+13  7.00e+12
       5.62e+17       400.0  2.20e+11  3.24e+13  7.00e+12
       6.19e+17       400.0  2.33e+11  3.24e+13  7.00e+12
       6.81e+17       400.0  2.47e+11  3.24e+13  7.00e+12
       7.50e+17       400.0  2.61e+11  3.24e+13  7.00e+12
       8.25e+17       400.0  2.75e+11  3.24e+13  7.00e+12
       9.09e+17       400.0  2.90e+11  3.24e+13  7.00e+12
       1.00e+18       400.0  3.06e+11  3.24e+13  7.00e+12
       1.10e+18       400.0  3.23e+11  3.24e+13  7.00e+12
       1.21e+18       400.0  3.40e+11  3.24e+13  7.00e+12
       1.33e+18       400.0  3.59e+11  3.24e+13  7.00e+12
       1.47e+18       400.0  3.78e+11  3.24e+13  7.00e+12
       1.62e+18       400.0  3.99e+11  3.24e+13  7.00e+12
       1.78e+18       400.0  4.20e+11  3.24e+13  7.00e+12
       1.96e+18       400.0  4.43e+11  3.24e+13  7.00e+12
       2.15e+18       400.0  4.67e+11  3.24e+13  7.00e+12
       2.37e+18       400.0  4.92e+11  3.24e+13  7.00e+12
       2.61e+18       400.0  5.19e+11  3.24e+13  7.00e+12
       2.87e+18       400.0  5.48e+11  3.24e+13  7.00e+12
       3.16e+18       400.0  5.78e+11  3.24e+13  7.00e+12
       3.48e+18       400.0  6.10e+11  3.24e+13  7.00e+12
       3.83e+18       400.0  6.44e+11  3.24e+13  7.00e+12
       4.22e+18       400.0  6.80e+11  3.24e+13  7.00e+12
       4.64e+18       400.0  7.19e+11  3.24e+13  7.00e+12
       5.11e+18       400.0  7.60e+11  3.24e+13  7.00e+12
       5.62e+18       400.0  8.03e+11  3.24e+13  7.00e+12
       6.19e+18       400.0  8.49e+11  3.24e+13  7.00e+12
       6.81e+18       400.0  8.99e+11  3.24e+13  7.00e+12
       7.50e+18       400.0  9.51e+11  3.24e+13  7.00e+12
       8.25e+18       400.0  1.01e+12  3.24e+13  7.00e+12
       9.09e+18       400.0  1.07e+12  3.24e+13  7.00e+12
       1.00e+19       400.0  1.13e+12  3.24e+13  7.00e+12
       1.10e+19       400.0  1.20e+12  3.24e+13  7.00e+12
       1.21e+19       400.0  1.27e+12  3.24e+13  7.00e+12
       1.33e+19       400.0  1.35e+12  3.24e+13  7.00e+12
       1.47e+19       400.0  1.44e+12  3.24e+13  7.00e+12
       1.62e+19       400.0  1.52e+12  3.24e+13  7.00e+12
       1.78e+19       400.0  1.62e+12  3.24e+13  7.00e+12
       1.96e+19       400.0  1.72e+12  3.24e+13  7.00e+12
       2.15e+19       400.0  1.83e+12  3.24e+13  7.00e+12
       2.37e+19       400.0  1.95e+12  3.24e+13  7.00e+12
       2.61e+19       400.0  2.07e+12  3.24e+13  7.00e+12
       2.87e+19       400.0  2.21e+12  3.24e+13  7.00e+12
       3.16e+19       400.0  2.35e+12  3.24e+13  7.00e+12
       3.48e+19       400.0  2.50e+12  3.24e+13  7.00e+12
       3.83e+19       400.0  2.67e+12  3.24e+13  7.00e+12
       4.22e+19       400.0  2.84e+12  3.24e+13  7.00e+12
       4.64e+19       400.0  3.03e+12  3.24e+13  7.00e+12
       5.11e+19       400.0  3.22e+12  3.24e+13  7.00e+12
       5.62e+19       400.0  3.43e+12  3.24e+13  7.00e+12
       6.19e+19       400.0  3.66e+12  3.24e+13  7.00e+12
       6.81e+19       400.0  3.89e+12  3.24e+13  7.00e+12
       7.50e+19       400.0  4.13e+12  3.24e+13  7.00e+12
       8.25e+19       400.0  4.39e+12  3.24e+13  7.00e+12
       9.09e+19       400.0  4.66e+12  3.24e+13  7.00e+12
       1.00e+20       400.0  4.94e+12  3.24e+13  7.00e+12
       1.10e+20       400.0  5.22e+12  3.24e+13  7.00e+12
       1.21e+20       400.0  5.51e+12  3.24e+13  7.00e+12
       1.33e+20       400.0  5.81e+12  3.24e+13  7.00e+12
       1.47e+20       400.0  6.10e+12  3.24e+13  7.00e+12
       1.62e+20       400.0  6.39e+12  3.24e+13  7.00e+12
       1.78e+20       400.0  6.66e+12  3.24e+13  7.00e+12
       1.96e+20       400.0  6.92e+12  3.24e+13  7.00e+12
       2.15e+20       400.0  7.16e+12  3.24e+13  7.00e+12
       2.37e+20       400.0  7.37e+12  3.24e+13  7.00e+12
       2.61e+20       400.0  7.55e+12  3.24e+13  7.00e+12
       2.87e+20       400.0  7.69e+12  3.24e+13  7.00e+12
       3.16e+20       400.0  7.81e+12  3.24e+13  7.00e+12
       3.48e+20       400.0  7.90e+12  3.24e+13  7.00e+12
       3.83e+20       400.0  7.97e+12  3.24e+13  7.00e+12
       4.22e+20       400.0  8.04e+12  3.24e+13  7.00e+12
       4.64e+20       400.0  8.10e+12  3.24e+13  7.00e+12
       5.11e+20       400.0  8.18e+12  3.24e+13  7.01e+12
       5.62e+20       400.0  8.28e+12  3.24e+13  7.01e+12
       6.19e+20       400.0  8.42e+12  3.24e+13  7.01e+12
       6.81e+20       400.0  8.60e+12  3.24e+13  7.01e+12
       7.50e+20       400.0  8.85e+12  3.24e+13  7.01e+12
       8.25e+20       400.0  9.17e+12  3.24e+13  7.02e+12
       9.09e+20       400.0  9.57e+12  3.24e+13  7.02e+12
       1.00e+21       400.0  1.01e+13  3.24e+13  7.02e+12

  
  ~~~~~~~~~~~~~~~~~~~~~~~~~~~~ TRANSPORT ~~~~~~~~~~~~~~~~~~~~~~~~~~~~

  Calculating conductivity, Seebeck, and electronic thermal 
  conductivity
    - time: 101.7824 s

  Calculating overall mobility
    - time: 56.3887 s

  Calculating individual scattering rate mobilities
    - time: 169.4724 s

  
  ~~~~~~~~~~~~~~~~~~~~~~~~~~~~~ RESULTS ~~~~~~~~~~~~~~~~~~~~~~~~~~~~~

  Average conductivity (σ), Seebeck (S) and mobility (μ) results:

    conc [cm-3]    temp [K]    σ [S/m]    S [µV/K]    μ [cm2/Vs]
  -------------  ----------  ---------  ----------  ------------
       1.00e+16       400.0   4.00e+03    6.59e+01        1023.4
       1.10e+16       400.0   4.00e+03    6.78e+01        1023.1
       1.21e+16       400.0   4.00e+03    6.99e+01        1022.7
       1.33e+16       400.0   4.00e+03    7.22e+01        1022.3
       1.47e+16       400.0   4.00e+03    7.47e+01        1021.9
       1.62e+16       400.0   4.00e+03    7.74e+01        1021.5
       1.78e+16       400.0   4.00e+03    8.05e+01        1021.0
       1.96e+16       400.0   4.00e+03    8.38e+01        1020.4
       2.15e+16       400.0   4.00e+03    8.75e+01        1019.8
       2.37e+16       400.0   4.00e+03    9.15e+01        1019.2
       2.61e+16       400.0   4.01e+03    9.59e+01        1018.5
       2.87e+16       400.0   4.01e+03    1.01e+02        1017.7
       3.16e+16       400.0   4.01e+03    1.06e+02        1016.8
       3.48e+16       400.0   4.02e+03    1.12e+02        1015.9
       3.83e+16       400.0   4.02e+03    1.18e+02        1014.9
       4.22e+16       400.0   4.03e+03    1.25e+02        1013.7
       4.64e+16       400.0   4.04e+03    1.33e+02        1012.5
       5.11e+16       400.0   4.05e+03    1.41e+02        1011.2
       5.62e+16       400.0   4.07e+03    1.50e+02        1009.8
       6.19e+16       400.0   4.08e+03    1.59e+02        1008.2
       6.81e+16       400.0   4.11e+03    1.70e+02        1006.6
       7.50e+16       400.0   4.13e+03    1.81e+02        1004.8
       8.25e+16       400.0   4.16e+03    1.93e+02        1002.8
       9.09e+16       400.0   4.20e+03    2.06e+02        1000.7
       1.00e+17       400.0   4.25e+03    2.19e+02         998.5
       1.10e+17       400.0   4.30e+03    2.33e+02         996.2
       1.21e+17       400.0   4.37e+03    2.48e+02         993.7
       1.33e+17       400.0   4.45e+03    2.63e+02         991.0
       1.47e+17       400.0   4.54e+03    2.79e+02         988.2
       1.62e+17       400.0   4.65e+03    2.94e+02         985.3
       1.78e+17       400.0   4.79e+03    3.10e+02         982.3
       1.96e+17       400.0   4.94e+03    3.25e+02         979.1
       2.15e+17       400.0   5.12e+03    3.39e+02         975.9
       2.37e+17       400.0   5.33e+03    3.53e+02         972.5
       2.61e+17       400.0   5.58e+03    3.66e+02         969.1
       2.87e+17       400.0   5.86e+03    3.78e+02         965.6
       3.16e+17       400.0   6.19e+03    3.88e+02         962.1
       3.48e+17       400.0   6.55e+03    3.96e+02         958.5
       3.83e+17       400.0   6.97e+03    4.04e+02         954.9
       4.22e+17       400.0   7.45e+03    4.09e+02         951.2
       4.64e+17       400.0   7.98e+03    4.13e+02         947.5
       5.11e+17       400.0   8.58e+03    4.16e+02         943.8
       5.62e+17       400.0   9.25e+03    4.17e+02         940.0
       6.19e+17       400.0   9.99e+03    4.17e+02         936.2
       6.81e+17       400.0   1.08e+04    4.16e+02         932.3
       7.50e+17       400.0   1.17e+04    4.14e+02         928.4
       8.25e+17       400.0   1.28e+04    4.11e+02         924.4
       9.09e+17       400.0   1.39e+04    4.07e+02         920.3
       1.00e+18       400.0   1.51e+04    4.03e+02         916.1
       1.10e+18       400.0   1.65e+04    3.98e+02         911.9
       1.21e+18       400.0   1.80e+04    3.92e+02         907.5
       1.33e+18       400.0   1.96e+04    3.87e+02         903.1
       1.47e+18       400.0   2.14e+04    3.80e+02         898.5
       1.62e+18       400.0   2.34e+04    3.74e+02         893.9
       1.78e+18       400.0   2.56e+04    3.67e+02         889.1
       1.96e+18       400.0   2.79e+04    3.61e+02         884.2
       2.15e+18       400.0   3.05e+04    3.54e+02         879.2
       2.37e+18       400.0   3.34e+04    3.47e+02         874.1
       2.61e+18       400.0   3.65e+04    3.40e+02         868.8
       2.87e+18       400.0   3.99e+04    3.32e+02         863.3
       3.16e+18       400.0   4.36e+04    3.25e+02         857.8
       3.48e+18       400.0   4.76e+04    3.18e+02         852.1
       3.83e+18       400.0   5.20e+04    3.10e+02         846.2
       4.22e+18       400.0   5.69e+04    3.03e+02         840.2
       4.64e+18       400.0   6.21e+04    2.96e+02         834.0
       5.11e+18       400.0   6.78e+04    2.88e+02         827.7
       5.62e+18       400.0   7.41e+04    2.81e+02         821.2
       6.19e+18       400.0   8.08e+04    2.73e+02         814.6
       6.81e+18       400.0   8.82e+04    2.66e+02         807.8
       7.50e+18       400.0   9.63e+04    2.59e+02         800.8
       8.25e+18       400.0   1.05e+05    2.51e+02         793.6
       9.09e+18       400.0   1.14e+05    2.44e+02         786.3
       1.00e+19       400.0   1.25e+05    2.37e+02         778.8
       1.10e+19       400.0   1.36e+05    2.30e+02         771.1
       1.21e+19       400.0   1.48e+05    2.22e+02         763.3
       1.33e+19       400.0   1.61e+05    2.15e+02         755.2
       1.47e+19       400.0   1.76e+05    2.08e+02         747.0
       1.62e+19       400.0   1.91e+05    2.01e+02         738.5
       1.78e+19       400.0   2.08e+05    1.94e+02         729.9
       1.96e+19       400.0   2.26e+05    1.87e+02         721.0
       2.15e+19       400.0   2.46e+05    1.80e+02         712.0
       2.37e+19       400.0   2.67e+05    1.74e+02         702.6
       2.61e+19       400.0   2.90e+05    1.67e+02         693.1
       2.87e+19       400.0   3.14e+05    1.60e+02         683.2
       3.16e+19       400.0   3.41e+05    1.53e+02         673.1
       3.48e+19       400.0   3.70e+05    1.47e+02         662.6
       3.83e+19       400.0   4.00e+05    1.40e+02         651.7
       4.22e+19       400.0   4.33e+05    1.34e+02         640.4
       4.64e+19       400.0   4.68e+05    1.28e+02         628.6
       5.11e+19       400.0   5.05e+05    1.21e+02         616.4
       5.62e+19       400.0   5.44e+05    1.15e+02         603.5
       6.19e+19       400.0   5.85e+05    1.09e+02         590.1
       6.81e+19       400.0   6.29e+05    1.03e+02         576.0
       7.50e+19       400.0   6.74e+05    9.74e+01         561.3
       8.25e+19       400.0   7.22e+05    9.17e+01         545.9
       9.09e+19       400.0   7.71e+05    8.61e+01         529.8
       1.00e+20       400.0   8.22e+05    8.06e+01         513.0
       1.10e+20       400.0   8.74e+05    7.52e+01         495.5
       1.21e+20       400.0   9.27e+05    6.99e+01         477.3
       1.33e+20       400.0   9.79e+05    6.48e+01         458.4
       1.47e+20       400.0   1.03e+06    5.98e+01         438.9
       1.62e+20       400.0   1.08e+06    5.51e+01         418.7
       1.78e+20       400.0   1.13e+06    5.06e+01         398.1
       1.96e+20       400.0   1.18e+06    4.64e+01         377.1
       2.15e+20       400.0   1.23e+06    4.27e+01         356.0
       2.37e+20       400.0   1.27e+06    3.95e+01         335.1
       2.61e+20       400.0   1.32e+06    3.68e+01         314.6
       2.87e+20       400.0   1.36e+06    3.48e+01         294.9
       3.16e+20       400.0   1.40e+06    3.35e+01         276.1
       3.48e+20       400.0   1.44e+06    3.28e+01         258.4
       3.83e+20       400.0   1.49e+06    3.28e+01         242.0
       4.22e+20       400.0   1.53e+06    3.33e+01         226.9
       4.64e+20       400.0   1.58e+06    3.42e+01         213.0
       5.11e+20       400.0   1.64e+06    3.54e+01         200.3
       5.62e+20       400.0   1.70e+06    3.68e+01         188.7
       6.19e+20       400.0   1.77e+06    3.83e+01         178.1
       6.81e+20       400.0   1.84e+06    3.98e+01         168.3
       7.50e+20       400.0   1.91e+06    4.11e+01         159.3
       8.25e+20       400.0   2.00e+06    4.22e+01         151.0
       9.09e+20       400.0   2.09e+06    4.29e+01         143.2
       1.00e+21       400.0   2.18e+06    4.32e+01         136.0

  Mobility breakdown by scattering mechanism, in cm2/Vs:

    conc [cm-3]    temp [K]       IMP       ADP       POP
  -------------  ----------  --------  --------  --------
       1.00e+16       400.0  1.22e+06  7.16e+03  1.28e+03
       1.10e+16       400.0  1.10e+06  7.16e+03  1.28e+03
       1.21e+16       400.0  1.00e+06  7.16e+03  1.28e+03
       1.33e+16       400.0  9.12e+05  7.16e+03  1.28e+03
       1.47e+16       400.0  8.29e+05  7.16e+03  1.28e+03
       1.62e+16       400.0  7.53e+05  7.16e+03  1.28e+03
       1.78e+16       400.0  6.84e+05  7.16e+03  1.28e+03
       1.96e+16       400.0  6.21e+05  7.16e+03  1.28e+03
       2.15e+16       400.0  5.65e+05  7.16e+03  1.28e+03
       2.37e+16       400.0  5.13e+05  7.16e+03  1.28e+03
       2.61e+16       400.0  4.66e+05  7.16e+03  1.28e+03
       2.87e+16       400.0  4.24e+05  7.16e+03  1.28e+03
       3.16e+16       400.0  3.85e+05  7.15e+03  1.28e+03
       3.48e+16       400.0  3.50e+05  7.15e+03  1.28e+03
       3.83e+16       400.0  3.18e+05  7.15e+03  1.28e+03
       4.22e+16       400.0  2.89e+05  7.15e+03  1.28e+03
       4.64e+16       400.0  2.63e+05  7.15e+03  1.28e+03
       5.11e+16       400.0  2.39e+05  7.15e+03  1.28e+03
       5.62e+16       400.0  2.17e+05  7.15e+03  1.28e+03
       6.19e+16       400.0  1.97e+05  7.15e+03  1.28e+03
       6.81e+16       400.0  1.79e+05  7.15e+03  1.28e+03
       7.50e+16       400.0  1.63e+05  7.15e+03  1.28e+03
       8.25e+16       400.0  1.49e+05  7.15e+03  1.28e+03
       9.09e+16       400.0  1.35e+05  7.15e+03  1.28e+03
       1.00e+17       400.0  1.23e+05  7.15e+03  1.28e+03
       1.10e+17       400.0  1.12e+05  7.15e+03  1.28e+03
       1.21e+17       400.0  1.03e+05  7.15e+03  1.28e+03
       1.33e+17       400.0  9.39e+04  7.15e+03  1.28e+03
       1.47e+17       400.0  8.59e+04  7.15e+03  1.28e+03
       1.62e+17       400.0  7.87e+04  7.15e+03  1.28e+03
       1.78e+17       400.0  7.23e+04  7.15e+03  1.28e+03
       1.96e+17       400.0  6.66e+04  7.14e+03  1.28e+03
       2.15e+17       400.0  6.14e+04  7.14e+03  1.28e+03
       2.37e+17       400.0  5.68e+04  7.14e+03  1.28e+03
       2.61e+17       400.0  5.26e+04  7.14e+03  1.28e+03
       2.87e+17       400.0  4.89e+04  7.14e+03  1.28e+03
       3.16e+17       400.0  4.55e+04  7.13e+03  1.28e+03
       3.48e+17       400.0  4.25e+04  7.13e+03  1.28e+03
       3.83e+17       400.0  3.97e+04  7.13e+03  1.28e+03
       4.22e+17       400.0  3.73e+04  7.13e+03  1.27e+03
       4.64e+17       400.0  3.50e+04  7.12e+03  1.27e+03
       5.11e+17       400.0  3.29e+04  7.12e+03  1.27e+03
       5.62e+17       400.0  3.10e+04  7.11e+03  1.27e+03
       6.19e+17       400.0  2.93e+04  7.11e+03  1.27e+03
       6.81e+17       400.0  2.77e+04  7.10e+03  1.27e+03
       7.50e+17       400.0  2.62e+04  7.10e+03  1.27e+03
       8.25e+17       400.0  2.48e+04  7.09e+03  1.27e+03
       9.09e+17       400.0  2.35e+04  7.08e+03  1.27e+03
       1.00e+18       400.0  2.23e+04  7.07e+03  1.27e+03
       1.10e+18       400.0  2.11e+04  7.07e+03  1.27e+03
       1.21e+18       400.0  2.01e+04  7.06e+03  1.27e+03
       1.33e+18       400.0  1.90e+04  7.05e+03  1.27e+03
       1.47e+18       400.0  1.81e+04  7.03e+03  1.27e+03
       1.62e+18       400.0  1.72e+04  7.02e+03  1.26e+03
       1.78e+18       400.0  1.63e+04  7.01e+03  1.26e+03
       1.96e+18       400.0  1.55e+04  6.99e+03  1.26e+03
       2.15e+18       400.0  1.47e+04  6.97e+03  1.26e+03
       2.37e+18       400.0  1.40e+04  6.96e+03  1.26e+03
       2.61e+18       400.0  1.33e+04  6.94e+03  1.26e+03
       2.87e+18       400.0  1.26e+04  6.91e+03  1.26e+03
       3.16e+18       400.0  1.20e+04  6.89e+03  1.25e+03
       3.48e+18       400.0  1.14e+04  6.86e+03  1.25e+03
       3.83e+18       400.0  1.09e+04  6.83e+03  1.25e+03
       4.22e+18       400.0  1.03e+04  6.80e+03  1.25e+03
       4.64e+18       400.0  9.80e+03  6.77e+03  1.24e+03
       5.11e+18       400.0  9.32e+03  6.73e+03  1.24e+03
       5.62e+18       400.0  8.86e+03  6.69e+03  1.24e+03
       6.19e+18       400.0  8.42e+03  6.65e+03  1.24e+03
       6.81e+18       400.0  8.01e+03  6.60e+03  1.23e+03
       7.50e+18       400.0  7.62e+03  6.55e+03  1.23e+03
       8.25e+18       400.0  7.25e+03  6.50e+03  1.23e+03
       9.09e+18       400.0  6.89e+03  6.44e+03  1.22e+03
       1.00e+19       400.0  6.55e+03  6.38e+03  1.22e+03
       1.10e+19       400.0  6.24e+03  6.31e+03  1.22e+03
       1.21e+19       400.0  5.94e+03  6.24e+03  1.21e+03
       1.33e+19       400.0  5.65e+03  6.16e+03  1.21e+03
       1.47e+19       400.0  5.38e+03  6.08e+03  1.20e+03
       1.62e+19       400.0  5.13e+03  6.00e+03  1.20e+03
       1.78e+19       400.0  4.89e+03  5.90e+03  1.20e+03
       1.96e+19       400.0  4.66e+03  5.81e+03  1.19e+03
       2.15e+19       400.0  4.44e+03  5.70e+03  1.19e+03
       2.37e+19       400.0  4.24e+03  5.59e+03  1.18e+03
       2.61e+19       400.0  4.04e+03  5.48e+03  1.18e+03
       2.87e+19       400.0  3.86e+03  5.35e+03  1.18e+03
       3.16e+19       400.0  3.68e+03  5.22e+03  1.17e+03
       3.48e+19       400.0  3.52e+03  5.09e+03  1.17e+03
       3.83e+19       400.0  3.36e+03  4.95e+03  1.16e+03
       4.22e+19       400.0  3.21e+03  4.80e+03  1.16e+03
       4.64e+19       400.0  3.07e+03  4.64e+03  1.15e+03
       5.11e+19       400.0  2.93e+03  4.48e+03  1.15e+03
       5.62e+19       400.0  2.80e+03  4.31e+03  1.14e+03
       6.19e+19       400.0  2.67e+03  4.13e+03  1.14e+03
       6.81e+19       400.0  2.55e+03  3.95e+03  1.13e+03
       7.50e+19       400.0  2.44e+03  3.76e+03  1.12e+03
       8.25e+19       400.0  2.33e+03  3.57e+03  1.11e+03
       9.09e+19       400.0  2.22e+03  3.37e+03  1.10e+03
       1.00e+20       400.0  2.11e+03  3.17e+03  1.09e+03
       1.10e+20       400.0  2.01e+03  2.98e+03  1.08e+03
       1.21e+20       400.0  1.91e+03  2.78e+03  1.06e+03
       1.33e+20       400.0  1.82e+03  2.58e+03  1.05e+03
       1.47e+20       400.0  1.72e+03  2.39e+03  1.04e+03
       1.62e+20       400.0  1.63e+03  2.20e+03  1.02e+03
       1.78e+20       400.0  1.55e+03  2.02e+03  1.01e+03
       1.96e+20       400.0  1.47e+03  1.84e+03  9.91e+02
       2.15e+20       400.0  1.39e+03  1.67e+03  9.75e+02
       2.37e+20       400.0  1.32e+03  1.50e+03  9.61e+02
       2.61e+20       400.0  1.25e+03  1.35e+03  9.48e+02
       2.87e+20       400.0  1.19e+03  1.21e+03  9.37e+02
       3.16e+20       400.0  1.14e+03  1.07e+03  9.28e+02
       3.48e+20       400.0  1.09e+03  9.56e+02  9.22e+02
       3.83e+20       400.0  1.04e+03  8.48e+02  9.20e+02
       4.22e+20       400.0  9.97e+02  7.52e+02  9.20e+02
       4.64e+20       400.0  9.57e+02  6.66e+02  9.23e+02
       5.11e+20       400.0  9.20e+02  5.91e+02  9.28e+02
       5.62e+20       400.0  8.84e+02  5.25e+02  9.35e+02
       6.19e+20       400.0  8.50e+02  4.68e+02  9.43e+02
       6.81e+20       400.0  8.15e+02  4.18e+02  9.52e+02
       7.50e+20       400.0  7.81e+02  3.75e+02  9.61e+02
       8.25e+20       400.0  7.46e+02  3.37e+02  9.70e+02
       9.09e+20       400.0  7.10e+02  3.05e+02  9.78e+02
       1.00e+21       400.0  6.73e+02  2.78e+02  9.86e+02

  Results written to:
  /home/y/Desktop/yingtao/1-Tejisuan/1-2601-
  sstrain/2amset/2cijisuan/formalcal/0-relax/4-
  run/400K/transport_51x51x33.json

  
  ~~~~~~~~~~~~~~~~~~~~~~~~~~~~~~~ END ~~~~~~~~~~~~~~~~~~~~~~~~~~~~~~~

  Timing and memory usage:
    - interpolation time: 2.6944 s
    - dos time: 21.5461 s
    - scattering time: 3570.1398 s
    - transport time: 327.6447 s
    - writing time: 0.0054 s
    - total time: 3924.8552 s
    - max memory: 6000.8 MB

  amset exiting on 21 Jul 2026 at 13:40
